2026-08-20 04:23:41.185 | INFO | rank=0 | lightx2v_train.runtime.logger:setup_logger:57 - Writing training logs to /tmp/lyy-experiments/DMD-System/iteration_309_exact_adaln_replay_timing_20260820/output_node0/train.log
2026-08-20 04:23:41.185 | INFO | rank=0 | __main__:main:51 - [h3-a100] deterministic matched seed=20260817 global_rank=0
2026-08-20 04:23:54.702 | INFO | rank=0 | h3_a100.model:_configure_local_flash_attn3:105 - [h3-a100] bound local FlashAttention-3 kernel: /share/project/shuchenweng/yongyan_liu/DMD-System_assets/lightx2v_minimax_dmd_20260817/hf_home/hub/models--kernels-community--flash-attn3/snapshots/acb0f42e6901d3e9effa8a83bd32bc2bf0cfdfc2/build/torch210-cxx11-cu128-x86_64-linux
Loading checkpoint shards:   0%|          | 0/14 [00:00<?, ?it/s]Loading checkpoint shards:   7%|▋         | 1/14 [00:00<00:03,  4.13it/s]Loading checkpoint shards:  14%|█▍        | 2/14 [00:00<00:02,  4.59it/s]Loading checkpoint shards:  21%|██▏       | 3/14 [00:00<00:02,  4.78it/s]Loading checkpoint shards:  29%|██▊       | 4/14 [00:00<00:02,  4.75it/s]Loading checkpoint shards:  36%|███▌      | 5/14 [00:01<00:01,  4.90it/s]Loading checkpoint shards:  43%|████▎     | 6/14 [00:01<00:01,  5.00it/s]Loading checkpoint shards:  50%|█████     | 7/14 [00:01<00:01,  5.06it/s]Loading checkpoint shards:  57%|█████▋    | 8/14 [00:01<00:01,  4.92it/s]Loading checkpoint shards:  64%|██████▍   | 9/14 [00:01<00:01,  4.99it/s]Loading checkpoint shards:  71%|███████▏  | 10/14 [00:02<00:00,  5.02it/s]Loading checkpoint shards:  79%|███████▊  | 11/14 [00:02<00:00,  5.00it/s]Loading checkpoint shards:  86%|████████▌ | 12/14 [00:02<00:00,  5.09it/s]Loading checkpoint shards:  93%|█████████▎| 13/14 [00:02<00:00,  5.04it/s]Loading checkpoint shards: 100%|██████████| 14/14 [00:02<00:00,  4.90it/s]Loading checkpoint shards: 100%|██████████| 14/14 [00:02<00:00,  4.91it/s]
Attention backends are an experimental feature and the API may be subject to change.
2026-08-20 04:23:59.018 | INFO | rank=0 | h3_a100.model:load_components:195 - [h3-a100] full H3 loaded on CPU; FSDP2/HSDP will move local shards to cuda:0
2026-08-20 04:23:59.259 | INFO | rank=0 | lightx2v_train.data.video_dataset:__init__:338 - [data] latent_dataset samples=96 repeat=1
2026-08-20 04:23:59.261 | INFO | rank=0 | lightx2v_train.trainers.dmd.minimax_h3_trainer:__init__:59 - [train] H3 DMD rollout evaluations=4 video_shift=6.0 audio_shift=3.0
/share/project/shuchenweng/yongyan_liu/DMD-System_assets/lightx2v_minimax_dmd_20260817/env/lib/python3.10/site-packages/peft/tuners/tuners_utils.py:285: UserWarning: Already found a `peft_config` attribute in the model. This will lead to having multiple adapters in the model. Make sure to know what you are doing!
  warnings.warn(
/share/project/shuchenweng/yongyan_liu/DMD-System_assets/lightx2v_minimax_dmd_20260817/env/lib/python3.10/site-packages/peft/tuners/tuners_utils.py:285: UserWarning: Already found a `peft_config` attribute in the model. This will lead to having multiple adapters in the model. Make sure to know what you are doing!
  warnings.warn(
/share/project/shuchenweng/yongyan_liu/DMD-System_assets/lightx2v_minimax_dmd_20260817/env/lib/python3.10/site-packages/peft/tuners/tuners_utils.py:285: UserWarning: Already found a `peft_config` attribute in the model. This will lead to having multiple adapters in the model. Make sure to know what you are doing!
  warnings.warn(
/share/project/shuchenweng/yongyan_liu/DMD-System_assets/lightx2v_minimax_dmd_20260817/env/lib/python3.10/site-packages/peft/tuners/tuners_utils.py:285: UserWarning: Already found a `peft_config` attribute in the model. This will lead to having multiple adapters in the model. Make sure to know what you are doing!
  warnings.warn(
/share/project/shuchenweng/yongyan_liu/DMD-System_assets/lightx2v_minimax_dmd_20260817/env/lib/python3.10/site-packages/peft/tuners/tuners_utils.py:285: UserWarning: Already found a `peft_config` attribute in the model. This will lead to having multiple adapters in the model. Make sure to know what you are doing!
  warnings.warn(
/share/project/shuchenweng/yongyan_liu/DMD-System_assets/lightx2v_minimax_dmd_20260817/env/lib/python3.10/site-packages/peft/tuners/tuners_utils.py:285: UserWarning: Already found a `peft_config` attribute in the model. This will lead to having multiple adapters in the model. Make sure to know what you are doing!
  warnings.warn(
/share/project/shuchenweng/yongyan_liu/DMD-System_assets/lightx2v_minimax_dmd_20260817/env/lib/python3.10/site-packages/peft/tuners/tuners_utils.py:285: UserWarning: Already found a `peft_config` attribute in the model. This will lead to having multiple adapters in the model. Make sure to know what you are doing!
  warnings.warn(
/share/project/shuchenweng/yongyan_liu/DMD-System_assets/lightx2v_minimax_dmd_20260817/env/lib/python3.10/site-packages/peft/tuners/tuners_utils.py:285: UserWarning: Already found a `peft_config` attribute in the model. This will lead to having multiple adapters in the model. Make sure to know what you are doing!
  warnings.warn(
2026-08-20 04:24:13.635 | INFO | rank=0 | h3_a100.model:prepare_shared_backbone:229 - [h3-a100] shared backbone ready student_lora_params=691798016 fake_lora_params=691798016
2026-08-20 04:24:13.635 | INFO | rank=0 | h3_a100.model:configure_activation_checkpoint_segments:253 - [h3-a100] activation checkpoint segment_size=1 (upstream per-block policy)
2026-08-20 04:25:14.486 | INFO | rank=0 | lightx2v_train.runtime.fsdp:apply_fsdp2:78 - FSDP2 transformer sharded: allocated 0.00 -> 4.02 GiB, reserved 0.00 -> 4.07 GiB
2026-08-20 04:25:14.842 | INFO | rank=0 | h3_a100.trainer_loop:_log_cuda_memory:321 - [h3-a100][memory] stage=after_setup allocated_gib=4.02 reserved_gib=4.07 peak_gib=4.78
2026-08-20 04:25:14.843 | INFO | rank=0 | h3_a100.trainer:setup:227 - [h3-a100] setup physical_backbones=1 logical_roles=3 student_params=691798016 fake_params=691798016 fsdp=True critic_reorder=True matched_compute=True
2026-08-20 04:25:14.843 | INFO | rank=0 | h3_a100.trainer:setup:236 - [h3-a100] activation policy=checkpoint_boundary_cpu checkpoint_segment=1 boundary_pin=True boundary_events=False legacy_threshold_offload=False
2026-08-20 04:25:14.843 | INFO | rank=0 | h3_a100.exact_adaln_replay:install_exact_adaln_checkpoint_replay_scope:138 - [h3-a100][exact-adaln-replay] installed expected_blocks=50 wrapper_chain=scope->boundary->checkpoint
NCCL version 2.27.5+cuda12.9
2026-08-20 04:25:16.183 | INFO | rank=0 | h3_a100.trainer_loop:train:42 - [h3-a100] train start iter=0/1 world=16 grad_accum=1 fake_ratio=5 reorder=True
2026-08-20 04:40:28.901 | INFO | rank=0 | h3_a100.trainer_loop:_validate_matched_cycle:283 - [h3-a100][matched] iter=0 rank=0 forwards={'student': 24, 'fake': 6, 'teacher': 1} grad_forwards={'student': 1, 'fake': 5, 'teacher': 0} backwards={'student': 1, 'fake': 5} samples=6 world=16
2026-08-20 04:40:28.901 | INFO | rank=0 | h3_a100.trainer_loop:_validate_boundary_offload_cycle:253 - [h3-a100][boundary-offload] iter=0 rank=0 policy=checkpoint_boundary_cpu observed={'grad_transformer_forward_count': 6, 'student_grad_forward_count': 1, 'fake_grad_forward_count': 5, 'other_grad_forward_count': 0, 'grad_checkpoint_call_count': 300, 'cpu_copy_count': 300} offloaded_gib=113.34
2026-08-20 04:40:28.901 | INFO | rank=0 | h3_a100.exact_adaln_replay:validate_cycle:214 - [h3-a100][exact-adaln-replay] iter=0 observed={'checkpoint_wrap_count': 300, 'scoped_execution_count': 600, 'cache_hit_count': 600, 'cache_miss_count': 0, 'captured_key_missing_count': 0, 'captured_key_incomplete_count': 0, 'unexpected_hit_delta_count': 0}
2026-08-20 04:40:28.902 | INFO | rank=0 | h3_a100.trainer_loop:train:70 - [h3-a100] iter=1/1 dmd=0.000000 fake=0.316301 lr=0.00010000
2026-08-20 04:40:28.903 | INFO | rank=0 | h3_a100.model:log_adaln_stats:442 - [h3-a100] AdaLN cache hits=1850 misses=500 stores=500 evictions=0 persistent_keys=4 dynamic_keys=0 memory_mib=64.60
2026-08-20 04:40:28.903 | INFO | rank=0 | h3_a100.trainer_loop:_log_cuda_memory:321 - [h3-a100][memory] stage=iter_1 allocated_gib=4.43 reserved_gib=21.14 peak_gib=19.01
2026-08-20 04:40:28.904 | INFO | rank=0 | h3_a100.trainer_loop:train:92 - [h3-a100] train finished iter=1/1
